{
  "apiVersion": "k8s.cni.cncf.io/v1",
  "kind": "NetworkAttachmentDefinition",
  "metadata": {
    "annotations": {
      "k8s.v1.cni.cncf.io/resourceName": "/testresource"
    },
    "name": "test",
    "namespace": "testnamespace"
  },
  "spec": {
    "config": "{ \"cniVersion\":\"0.3.1\", \"name\":\"test\",\"plugins\": [ {\"type\":\"ovs\",\"mtu\":1500,\"ipam\":{} },\n{ \"type\": \"vrf\", \"vrfname\": \"blue\" }\n] }"
  }
}
