{
  "apiVersion": "k8s.cni.cncf.io/v1",
  "kind": "NetworkAttachmentDefinition",
  "metadata": {
    "annotations": {
      "k8s.v1.cni.cncf.io/resourceName": "/testresource"
    },
    "name": "test",
    "namespace": "testnamespace"
  },
  "spec": {
    "config": "{ \"cniVersion\":\"0.3.1\", \"name\":\"test\",\"type\":\"ovs\",\"ipam\":{} }"
  }
}
